Traceback (most recent call last):
  File "C:\Users\silam\OneDrive\Documents\VPM-Tracker\launch_git_helper_v5.pyw", line 13, in <module>
    runpy.run_path(APP, run_name="__main__")
  File "<frozen runpy>", line 286, in run_path
  File "<frozen runpy>", line 98, in _run_module_code
  File "<frozen runpy>", line 88, in _run_code
  File "C:\Users\silam\OneDrive\Documents\VPM-Tracker\git_helper_v5.py", line 20, in <module>
    from PyQt6.QtCore import QObject, Qt, QThread, QTimer, pyqtSignal
ModuleNotFoundError: No module named 'PyQt6'

Traceback (most recent call last):
  File "C:\Users\silam\OneDrive\Documents\VPM-Tracker\launch_git_helper_v5.pyw", line 13, in <module>
    runpy.run_path(APP, run_name="__main__")
  File "<frozen runpy>", line 286, in run_path
  File "<frozen runpy>", line 98, in _run_module_code
  File "<frozen runpy>", line 88, in _run_code
  File "C:\Users\silam\OneDrive\Documents\VPM-Tracker\git_helper_v5.py", line 20, in <module>
    from PyQt6.QtCore import QObject, Qt, QThread, QTimer, pyqtSignal
ModuleNotFoundError: No module named 'PyQt6'

Traceback (most recent call last):
  File "C:\Users\silam\OneDrive\Documents\VPM-Tracker\launch_git_helper_v5.pyw", line 13, in <module>
    runpy.run_path(APP, run_name="__main__")
  File "<frozen runpy>", line 286, in run_path
  File "<frozen runpy>", line 98, in _run_module_code
  File "<frozen runpy>", line 88, in _run_code
  File "C:\Users\silam\OneDrive\Documents\VPM-Tracker\git_helper_v5.py", line 20, in <module>
    from PyQt6.QtCore import QObject, Qt, QThread, QTimer, pyqtSignal
ModuleNotFoundError: No module named 'PyQt6'

Traceback (most recent call last):
  File "C:\Users\silam\OneDrive\Documents\VPM-Tracker\launch_git_helper_v5.pyw", line 13, in <module>
    runpy.run_path(APP, run_name="__main__")
  File "<frozen runpy>", line 286, in run_path
  File "<frozen runpy>", line 98, in _run_module_code
  File "<frozen runpy>", line 88, in _run_code
  File "C:\Users\silam\OneDrive\Documents\VPM-Tracker\git_helper_v5.py", line 20, in <module>
    from PyQt6.QtCore import QObject, Qt, QThread, QTimer, pyqtSignal
ModuleNotFoundError: No module named 'PyQt6'

Traceback (most recent call last):
  File "C:\Users\silam\OneDrive\Documents\VPM-Tracker\launch_git_helper_v5.pyw", line 13, in <module>
    runpy.run_path(APP, run_name="__main__")
  File "<frozen runpy>", line 286, in run_path
  File "<frozen runpy>", line 98, in _run_module_code
  File "<frozen runpy>", line 88, in _run_code
  File "C:\Users\silam\OneDrive\Documents\VPM-Tracker\git_helper_v5.py", line 20, in <module>
    from PyQt6.QtCore import QObject, Qt, QThread, QTimer, pyqtSignal
ModuleNotFoundError: No module named 'PyQt6'

Traceback (most recent call last):
  File "C:\Users\silam\OneDrive\Documents\VPM-Tracker\launch_git_helper_v5.pyw", line 13, in <module>
    runpy.run_path(APP, run_name="__main__")
  File "<frozen runpy>", line 286, in run_path
  File "<frozen runpy>", line 98, in _run_module_code
  File "<frozen runpy>", line 88, in _run_code
  File "C:\Users\silam\OneDrive\Documents\VPM-Tracker\git_helper_v5.py", line 20, in <module>
    from PyQt6.QtCore import QObject, Qt, QThread, QTimer, pyqtSignal
ModuleNotFoundError: No module named 'PyQt6'

